boo=true
enum_ext=1:two
i16=1000
i32=64000
i64=1000000000
